
> client@0.0.0 dev
> vite

Port 5173 is in use, trying another one...
Port 5174 is in use, trying another one...
Port 5175 is in use, trying another one...
Port 5176 is in use, trying another one...
Port 5177 is in use, trying another one...
Port 5178 is in use, trying another one...
Port 5179 is in use, trying another one...
Port 5180 is in use, trying another one...
Port 5181 is in use, trying another one...
Port 5182 is in use, trying another one...
Port 5183 is in use, trying another one...

  VITE v8.1.5  ready in 301 ms

  ➜  Local:   http://localhost:5184/
  ➜  Network: use --host to expose
10:58:13 AM [vite] (client) hmr update /src/App.jsx, /src/index.css
11:01:36 AM [vite] (client) hmr update11:01:36 AM [vite] (client) hmr update /src/inde11:03:52 AM [vite] (client) hmr update /src/index.css, /src/components/AboutBento.jsx
11:06:19 AM [vite] (client) hmr update11:06:19 AM [vite] (client) hm11:08:48 AM [vite] (client) hmr update11:08:48 AM [vite] (client) h11:20:21 AM [vite] (client) page reload index.html
pdate11:10:32 AM [vite] (client) hmr update /src/pag11:14:33 AM [vite] (client) page reload src/main.jsx
11:15:56 AM [vite] (client) hmr update11:15:56 AM [vite] (client) hmr updat11:16:01 AM [vite] (client) hmr update11:16:01 AM [vite] (client) hmr update /src/pag11:20:21 AM [vite] (client) page reload index.html
11:29:52 AM [vite] (client) hmr update11:29:52 AM [vite] (client) hmr update /s11:35:35 AM [vite] (client) hmr update11:35:35 AM [vite] (client) hmr update /src/componen11:37:50 AM [vite] (client) hmr update /src/index.css
11:42:32 AM [vite] (client) hmr update /src/index.css
12:32:20 PM [vite] (client) hmr update12:32:20 PM [vite] (client) hmr update /src/1:10:28 PM [vite] (client) hmr update /src/index.css, /src/components/Hero.jsx
1:12:52 PM [vite] (client) hmr update 1:12:52 PM [vite] (client) hmr update /sr1:46:31 PM [vite] (client) hmr update /src/components/Layout.jsx, /src/index.css
1:48:19 PM [vite] (client) hmr update 1:48:19 PM [vite] (client) hmr update /sr1:50:03 PM [vite] (client) hmr update /src/index.css, /src/components/Contact.jsx
2:13:38 PM [vite] (client) hmr update /src/components/Layout.jsx, /src/index.css
2:15:41 PM [vite] (client) hmr update /src/index.css, /src/components/Hero.jsx
2:15:45 PM [vite] (client) hmr update 2:15:45 PM [vite] (client) hmr update /src/i3:43:55 PM [vite] (client) hmr update /src/index.css
3:51:24 PM [vite] (client) hmr update /src/index.css, /src/components/AboutBento.jsx
3:51:24 PM [vite] (client) hmr update 3:51:28 PM [vite] (client) hmr update /src/inde3:51:28 PM [vite] (client) hmr u3:53:17 PM [vite] (client) hmr update /src/inde3:53:17 PM [vite] (client) hmr upda3:53:22 PM [vite] (client) hmr update /src/pages/Projects.jsx, /src/index.css
3:59:37 PM [vite] (client) hmr update /src/index.css, /src/components/Contact.jsx
4:03:46 PM [vite] (client) hmr update /src/comp4:03:46 PM [vite] (client) hmr upd4:03:52 PM [vite] (client) hmr update /src/comp4:03:52 PM [vite] (client) hmr update /src4:10:08 PM [vite] (client) hmr update /src/index.css, /src/components/AboutBento.jsx
4:12:08 PM [vite] (client) hmr update /src/inde4:12:08 PM [vite] (client) hmr update 4:14:11 PM [vite] (client) hmr update /src/index.css, /src/components/AboutBento.jsx
5:20:18 PM [vite] (client) hmr update /src/page5:20:19 PM [vite] (client) hmr 5:20:25 PM [vite] (client) hmr update /src/pages/ProjectDetails.jsx, /src/index.css
5:20:34 PM [vite] (client) hmr update /src/index.css, /src/components/Contact.jsx
5:35:55 PM [vite] (client) hmr update /src/page5:35:55 PM [vite] (client) hmr update5:58:10 PM [vite] (client) hmr update /src/inde5:58:10 PM [vite] (client) hmr u6:46:13 PM [vite] (client) hmr update /src/App.6:46:13 PM [vite] (client) hmr update /src/App.jsx, /src/index.css
omponents/AboutBento.jsx
5:20:19 PM [vite] (client) hmr update /src/pages/Projects.jsx, /src/index.css
5:20:25 PM [vite] (client) hmr update /src/pages/ProjectDetails.jsx, /src/index.css
5:20:34 PM [vite] (client) hmr update /src/index.css, /src/components/Contact.jsx
5:35:55 PM [vite] (client) hmr update /src/pages/ProjectDetails.jsx, /src/index.css
5:58:10 PM [vite] (client) hmr update /src/index.css, /src/components/Hero.jsx
6:46:13 PM [vite] (client) hmr update /src/App.jsx, /src/index.css
